../Core/Src/main.c:33:7:haversine	64	static
../Core/Src/main.c:45:5:parseGPGGA	56	static
../Core/Src/main.c:86:6:sx1278_init	48	static
../Core/Src/main.c:117:6:sx1278_send	56	static
../Core/Src/main.c:144:6:SystemClock_Config	72	static
../Core/Src/main.c:166:6:MX_GPIO_Init	32	static
../Core/Src/main.c:196:6:MX_UART1_MspInit	32	static
../Core/Src/main.c:213:6:MX_I2C1_MspInit	32	static
../Core/Src/main.c:226:6:MX_SPI1_MspInit	32	static
../Core/Src/main.c:239:6:MX_USART1_UART_Init	8	static
../Core/Src/main.c:251:6:MX_I2C1_Init	8	static
../Core/Src/main.c:261:6:MX_SPI1_Init	8	static
../Core/Src/main.c:275:6:HAL_GPIO_EXTI_Callback	16	static
../Core/Src/main.c:282:6:HAL_UART_RxCpltCallback	72	static
../Core/Src/main.c:306:5:main	8	static
